Archive member included because of file (symbol)

d:/tools/bin/../lib/gcc/avr/4.3.2/avr51\libgcc.a(_divmodhi4.o)
                              main.o (__divmodhi4)
d:/tools/bin/../lib/gcc/avr/4.3.2/avr51\libgcc.a(_exit.o)
                              d:/tools/bin/../lib/gcc/avr/4.3.2/../../../../avr/lib/avr51/crtm128.o (exit)
d:/tools/bin/../lib/gcc/avr/4.3.2/avr51\libgcc.a(_udivmodhi4.o)
                              d:/tools/bin/../lib/gcc/avr/4.3.2/avr51\libgcc.a(_divmodhi4.o) (__udivmodhi4)

Memory Configuration

Name             Origin             Length             Attributes
text             0x00000000         0x00020000         xr
data             0x00800060         0x0000ffa0         rw !x
eeprom           0x00810000         0x00010000         rw !x
fuse             0x00820000         0x00000400         rw !x
lock             0x00830000         0x00000400         rw !x
signature        0x00840000         0x00000400         rw !x
*default*        0x00000000         0xffffffff

Linker script and memory map

Address of section .data set to 0x800100
LOAD d:/tools/bin/../lib/gcc/avr/4.3.2/../../../../avr/lib/avr51/crtm128.o
LOAD main.o
LOAD servo.o
LOAD system_init.o
LOAD d:/tools/bin/../lib/gcc/avr/4.3.2/avr51\libgcc.a
LOAD d:/tools/bin/../lib/gcc/avr/4.3.2/../../../../avr/lib/avr51\libc.a
LOAD d:/tools/bin/../lib/gcc/avr/4.3.2/avr51\libgcc.a

.hash
 *(.hash)

.dynsym
 *(.dynsym)

.dynstr
 *(.dynstr)

.gnu.version
 *(.gnu.version)

.gnu.version_d
 *(.gnu.version_d)

.gnu.version_r
 *(.gnu.version_r)

.rel.init
 *(.rel.init)

.rela.init
 *(.rela.init)

.rel.text
 *(.rel.text)
 *(.rel.text.*)
 *(.rel.gnu.linkonce.t*)

.rela.text
 *(.rela.text)
 *(.rela.text.*)
 *(.rela.gnu.linkonce.t*)

.rel.fini
 *(.rel.fini)

.rela.fini
 *(.rela.fini)

.rel.rodata
 *(.rel.rodata)
 *(.rel.rodata.*)
 *(.rel.gnu.linkonce.r*)

.rela.rodata
 *(.rela.rodata)
 *(.rela.rodata.*)
 *(.rela.gnu.linkonce.r*)

.rel.data
 *(.rel.data)
 *(.rel.data.*)
 *(.rel.gnu.linkonce.d*)

.rela.data
 *(.rela.data)
 *(.rela.data.*)
 *(.rela.gnu.linkonce.d*)

.rel.ctors
 *(.rel.ctors)

.rela.ctors
 *(.rela.ctors)

.rel.dtors
 *(.rel.dtors)

.rela.dtors
 *(.rela.dtors)

.rel.got
 *(.rel.got)

.rela.got
 *(.rela.got)

.rel.bss
 *(.rel.bss)

.rela.bss
 *(.rela.bss)

.rel.plt
 *(.rel.plt)

.rela.plt
 *(.rela.plt)

.text           0x00000000     0x1788
 *(.vectors)
 .vectors       0x00000000       0x8c d:/tools/bin/../lib/gcc/avr/4.3.2/../../../../avr/lib/avr51/crtm128.o
                0x00000000                __vectors
                0x00000000                __vector_default
 *(.vectors)
 *(.progmem.gcc*)
 *(.progmem*)
                0x0000008c                . = ALIGN (0x2)
                0x0000008c                __trampolines_start = .
 *(.trampolines)
 .trampolines   0x0000008c        0x0 linker stubs
 *(.trampolines*)
                0x0000008c                __trampolines_end = .
 *(.jumptables)
 *(.jumptables*)
 *(.lowtext)
 *(.lowtext*)
                0x0000008c                __ctors_start = .
 *(.ctors)
                0x0000008c                __ctors_end = .
                0x0000008c                __dtors_start = .
 *(.dtors)
                0x0000008c                __dtors_end = .
 SORT(*)(.ctors)
 SORT(*)(.dtors)
 *(.init0)
 .init0         0x0000008c        0x0 d:/tools/bin/../lib/gcc/avr/4.3.2/../../../../avr/lib/avr51/crtm128.o
                0x0000008c                __init
 *(.init0)
 *(.init1)
 *(.init1)
 *(.init2)
 .init2         0x0000008c        0xc d:/tools/bin/../lib/gcc/avr/4.3.2/../../../../avr/lib/avr51/crtm128.o
 *(.init2)
 *(.init3)
 *(.init3)
 *(.init4)
 .init4         0x00000098       0x1a d:/tools/bin/../lib/gcc/avr/4.3.2/../../../../avr/lib/avr51/crtm128.o
                0x00000098                __do_copy_data
 *(.init4)
 *(.init5)
 *(.init5)
 *(.init6)
 *(.init6)
 *(.init7)
 *(.init7)
 *(.init8)
 *(.init8)
 *(.init9)
 .init9         0x000000b2        0x8 d:/tools/bin/../lib/gcc/avr/4.3.2/../../../../avr/lib/avr51/crtm128.o
 *(.init9)
 *(.text)
 .text          0x000000ba        0x4 d:/tools/bin/../lib/gcc/avr/4.3.2/../../../../avr/lib/avr51/crtm128.o
                0x000000ba                __vector_22
                0x000000ba                __vector_28
                0x000000ba                __vector_1
                0x000000ba                __vector_32
                0x000000ba                __vector_34
                0x000000ba                __vector_24
                0x000000ba                __vector_12
                0x000000ba                __bad_interrupt
                0x000000ba                __vector_6
                0x000000ba                __vector_31
                0x000000ba                __vector_3
                0x000000ba                __vector_23
                0x000000ba                __vector_30
                0x000000ba                __vector_25
                0x000000ba                __vector_11
                0x000000ba                __vector_13
                0x000000ba                __vector_17
                0x000000ba                __vector_19
                0x000000ba                __vector_7
                0x000000ba                __vector_27
                0x000000ba                __vector_5
                0x000000ba                __vector_33
                0x000000ba                __vector_4
                0x000000ba                __vector_9
                0x000000ba                __vector_2
                0x000000ba                __vector_21
                0x000000ba                __vector_15
                0x000000ba                __vector_29
                0x000000ba                __vector_8
                0x000000ba                __vector_26
                0x000000ba                __vector_14
                0x000000ba                __vector_10
                0x000000ba                __vector_16
                0x000000ba                __vector_18
                0x000000ba                __vector_20
 .text          0x000000be     0x118e main.o
                0x0000035c                rightping
                0x000000be                zuo
                0x000004fa                wushu
                0x000002e8                leftrightping
                0x00000388                leftrightinit
                0x0000043a                leftinit
                0x0000010a                baoqiu1
                0x00000234                dunjiinit
                0x00000330                leftping
                0x00000280                dun
                0x00000810                zou
                0x00000466                rightinit
                0x000007da                zhixing
                0x00000f3c                main
                0x00000492                qiaoluo
 .text          0x0000124c      0x3a6 servo.o
                0x000014b2                SetServoVelocity
                0x000013b8                Action_write
                0x00001566                Servo_all
                0x00001306                SetServoPosition
                0x0000144a                Action
                0x00001254                SetServoLimit
                0x0000124c                SendUart0Byte
 .text          0x000015f2      0x144 system_init.o
                0x000015f2                Init_Gpio
                0x0000162e                PWM_init
                0x0000164e                move
                0x0000171a                System_Init
                0x000016c0                USART1_recieve
                0x000016b0                USART1_send
                0x00001600                ADC_Init
                0x00001612                Get_ADC
                0x00001698                USART1_init
                0x000016ce                Init_Uart0
 .text          0x00001736        0x0 d:/tools/bin/../lib/gcc/avr/4.3.2/avr51\libgcc.a(_divmodhi4.o)
 .text          0x00001736        0x0 d:/tools/bin/../lib/gcc/avr/4.3.2/avr51\libgcc.a(_exit.o)
 .text          0x00001736        0x0 d:/tools/bin/../lib/gcc/avr/4.3.2/avr51\libgcc.a(_udivmodhi4.o)
                0x00001736                . = ALIGN (0x2)
 *(.text.*)
 .text.libgcc   0x00001736       0x26 d:/tools/bin/../lib/gcc/avr/4.3.2/avr51\libgcc.a(_divmodhi4.o)
                0x00001736                __divmodhi4
                0x00001736                _div
 .text.libgcc   0x0000175c        0x0 d:/tools/bin/../lib/gcc/avr/4.3.2/avr51\libgcc.a(_exit.o)
 .text.libgcc   0x0000175c       0x28 d:/tools/bin/../lib/gcc/avr/4.3.2/avr51\libgcc.a(_udivmodhi4.o)
                0x0000175c                __udivmodhi4
                0x00001784                . = ALIGN (0x2)
 *(.fini9)
 .fini9         0x00001784        0x0 d:/tools/bin/../lib/gcc/avr/4.3.2/avr51\libgcc.a(_exit.o)
                0x00001784                exit
                0x00001784                _exit
 *(.fini9)
 *(.fini8)
 *(.fini8)
 *(.fini7)
 *(.fini7)
 *(.fini6)
 *(.fini6)
 *(.fini5)
 *(.fini5)
 *(.fini4)
 *(.fini4)
 *(.fini3)
 *(.fini3)
 *(.fini2)
 *(.fini2)
 *(.fini1)
 *(.fini1)
 *(.fini0)
 .fini0         0x00001784        0x4 d:/tools/bin/../lib/gcc/avr/4.3.2/avr51\libgcc.a(_exit.o)
 *(.fini0)
                0x00001788                _etext = .

.data           0x00800100        0x0 load address 0x00001788
                0x00800100                PROVIDE (__data_start, .)
 *(.data)
 .data          0x00800100        0x0 d:/tools/bin/../lib/gcc/avr/4.3.2/../../../../avr/lib/avr51/crtm128.o
 .data          0x00800100        0x0 main.o
 .data          0x00800100        0x0 servo.o
 .data          0x00800100        0x0 system_init.o
 .data          0x00800100        0x0 d:/tools/bin/../lib/gcc/avr/4.3.2/avr51\libgcc.a(_divmodhi4.o)
 .data          0x00800100        0x0 d:/tools/bin/../lib/gcc/avr/4.3.2/avr51\libgcc.a(_exit.o)
 .data          0x00800100        0x0 d:/tools/bin/../lib/gcc/avr/4.3.2/avr51\libgcc.a(_udivmodhi4.o)
 *(.data*)
 *(.rodata)
 *(.rodata*)
 *(.gnu.linkonce.d*)
                0x00800100                . = ALIGN (0x2)
                0x00800100                _edata = .
                0x00800100                PROVIDE (__data_end, .)

.bss            0x00800100        0x0
                0x00800100                PROVIDE (__bss_start, .)
 *(.bss)
 .bss           0x00800100        0x0 d:/tools/bin/../lib/gcc/avr/4.3.2/../../../../avr/lib/avr51/crtm128.o
 .bss           0x00800100        0x0 main.o
 .bss           0x00800100        0x0 servo.o
 .bss           0x00800100        0x0 system_init.o
 .bss           0x00800100        0x0 d:/tools/bin/../lib/gcc/avr/4.3.2/avr51\libgcc.a(_divmodhi4.o)
 .bss           0x00800100        0x0 d:/tools/bin/../lib/gcc/avr/4.3.2/avr51\libgcc.a(_exit.o)
 .bss           0x00800100        0x0 d:/tools/bin/../lib/gcc/avr/4.3.2/avr51\libgcc.a(_udivmodhi4.o)
 *(.bss*)
 *(COMMON)
                0x00800100                PROVIDE (__bss_end, .)
                0x00001788                __data_load_start = LOADADDR (.data)
                0x00001788                __data_load_end = (__data_load_start + SIZEOF (.data))

.noinit         0x00800100        0x0
                0x00800100                PROVIDE (__noinit_start, .)
 *(.noinit*)
                0x00800100                PROVIDE (__noinit_end, .)
                0x00800100                _end = .
                0x00800100                PROVIDE (__heap_start, .)

.eeprom         0x00810000        0x0
 *(.eeprom*)
                0x00810000                __eeprom_end = .

.fuse
 *(.fuse)
 *(.lfuse)
 *(.hfuse)
 *(.efuse)

.lock
 *(.lock*)

.signature
 *(.signature*)

.stab
 *(.stab)

.stabstr
 *(.stabstr)

.stab.excl
 *(.stab.excl)

.stab.exclstr
 *(.stab.exclstr)

.stab.index
 *(.stab.index)

.stab.indexstr
 *(.stab.indexstr)

.comment
 *(.comment)

.debug
 *(.debug)

.line
 *(.line)

.debug_srcinfo
 *(.debug_srcinfo)

.debug_sfnames
 *(.debug_sfnames)

.debug_aranges  0x00000000       0x60
 *(.debug_aranges)
 .debug_aranges
                0x00000000       0x20 main.o
 .debug_aranges
                0x00000020       0x20 servo.o
 .debug_aranges
                0x00000040       0x20 system_init.o

.debug_pubnames
                0x00000000      0x1f4
 *(.debug_pubnames)
 .debug_pubnames
                0x00000000       0xc9 main.o
 .debug_pubnames
                0x000000c9       0x8a servo.o
 .debug_pubnames
                0x00000153       0xa1 system_init.o

.debug_info     0x00000000     0x19e7
 *(.debug_info)
 .debug_info    0x00000000      0xe51 main.o
 .debug_info    0x00000e51      0x9e3 servo.o
 .debug_info    0x00001834      0x1b3 system_init.o
 *(.gnu.linkonce.wi.*)

.debug_abbrev   0x00000000      0x472
 *(.debug_abbrev)
 .debug_abbrev  0x00000000      0x1d4 main.o
 .debug_abbrev  0x000001d4      0x17c servo.o
 .debug_abbrev  0x00000350      0x122 system_init.o

.debug_line     0x00000000     0x17f7
 *(.debug_line)
 .debug_line    0x00000000      0xe9e main.o
 .debug_line    0x00000e9e      0x68f servo.o
 .debug_line    0x0000152d      0x2ca system_init.o

.debug_frame    0x00000000      0x230
 *(.debug_frame)
 .debug_frame   0x00000000      0x100 main.o
 .debug_frame   0x00000100       0x80 servo.o
 .debug_frame   0x00000180       0xb0 system_init.o

.debug_str      0x00000000      0x31a
 *(.debug_str)
 .debug_str     0x00000000      0x118 main.o
                                0x160 (size before relaxing)
 .debug_str     0x00000118      0x175 servo.o
                                0x277 (size before relaxing)
 .debug_str     0x0000028d       0x8d system_init.o
                                0x136 (size before relaxing)

.debug_loc      0x00000000      0xc75
 *(.debug_loc)
 .debug_loc     0x00000000      0x8ee main.o
 .debug_loc     0x000008ee      0x2ee servo.o
 .debug_loc     0x00000bdc       0x99 system_init.o

.debug_macinfo
 *(.debug_macinfo)
OUTPUT(Sevro.elf elf32-avr)
LOAD linker stubs

.debug_ranges   0x00000000       0xa8
 .debug_ranges  0x00000000       0x48 main.o
 .debug_ranges  0x00000048       0x60 servo.o
